border_size=1
usage=map

Wo          , Wo          , Wo          , Wo          , Wo          , Wo          , Wo          , Wo          , Wo          , Wo          , Wo          , Wo          , Wo          , Wo          , Wo          , Wo          , Wo          , Wo          , Wo          , Wo          , Wo          , Wo          , Wo          , Wo          , Wo          , Wo          , Wo          , Wo          , Wo          , Wo          , Wo          , Wo          , Wo          , Wo          , Wo          , Wo          , Wo          , Wo          , Wo          , Wo          , Wo          , Wo          , Wo          , Wo          , Wo          , Wo          , Wo          , Wo          , Wo          , Wo          
Wo          , Wo          , Wo          , Wo          , Wo          , Wo          , Wo          , Wo          , Wo          , Wo          , Wo          , Wo          , Wo          , Wo          , Wo          , Wo          , Wo          , Wo          , Wo          , Wo          , Wo          , Wo          , Wo          , Wo          , Wo          , Wo          , Wo          , Wo          , Wo          , Wo          , Wo          , Wo          , Wo          , Wo          , Wo          , Wo          , Wo          , Wo          , Wo          , Wo          , Gg          , Wo          , Gg          , Wo          , Gg          , Wo          , Gg          , Wo          , Wo          , Wo          
Wo          , Wo          , Wwg         , Wwg         , Wwg         , Wwg         , Wwg         , Wwg         , Wwg         , Wwg         , Wwg         , Wwg         , Wwg         , Wo          , Wwg         , Wo          , Wwg         , Wo          , Wwg         , Wo          , Wo          , Wo          , Wo          , Wo          , Wo          , Wo          , Wo          , Wo          , Wo          , Wo          , Wo          , Wo          , Wo          , Wo          , Wo          , Wo          , Wo          , Wo          , Gg          , Gg          , Hh^Ft       , Gg^Fp       , Md^Ft       , Hh^Ft       , Md          , Gg          , Gs^Vl       , Gg          , Wo          , Wo          
Gg          , Wwg         , Wwg         , Wwg         , Wwg         , Wwg         , Wwg         , Wwrg^Vhs    , Wwrg        , Wwg         , Wwg         , Wwg         , Wwg         , Wwg         , Wwg         , Wwg         , Wwg         , Wwg         , Wwg         , Wwg         , Wwg         , Wo          , Wwg         , Wo          , Wo          , Wo          , Wo          , Wo          , Wo          , Wo          , Wo          , Wo          , Wo          , Wo          , Wo          , Wo          , Wo          , Wo          , Gg          , Gg          , Hh^Ft       , Md^Fp       , Md          , Md          , Mv          , Md          , Md          , Gg          , Gg          , Wo          
Gg          , Wwg         , Wwg         , Wwg         , Gg          , Wwg         , Wwg         , Wwrg        , Gg          , Wwrg        , Gg          , Wwg         , Wwg         , Wwg         , Wwrg^Vhs    , Wwrg        , Wwg         , Wwg         , Wwrg        , Wwg         , Wwg         , Wwg         , Wwg         , Wwg         , Wwg         , Wo          , Wo          , Wo          , Wo          , Wo          , Wo          , Wo          , Wo          , Wo          , Wo          , Wo          , Wo          , Wo          , Gg          , Gg          , Gg^Fp       , Hh^Ft       , Md          , Md          , Md          , Md          , Md          , Md^Ft       , Gg          , Wo          
Gg          , Gg          , Gg          , Gg          , Gg          , Gg          , Gg          , Gg          , Gg          , Gg          , Chr         , Gg          , Gg          , Gg          , Gg          , Wwg         , Gg          , Wwg         , Gg          , Wwrg        , Wwrg^Vhs    , Wwrg        , Wwrg        , Wwg         , Wwg         , Wwg         , Wwg         , Wwg         , Wwg         , Wo          , Wo          , Wo          , Wo          , Wo          , Wo          , Wo^Vm       , Wo          , Wo          , Wo          , Gg          , Gg          , Hh          , Gg          , Md          , Md^Ft       , Md          , Hh^Ft       , Hh^Ft       , Gg          , Wo          
Gg          , Gg          , Ss          , Ss          , Ss          , Wwf         , Gg          , Gg          , Gg          , Chr         , 2 Khr       , Chr         , Chr         , Gg          , Gg          , Gg          , Gg          , Gg          , Gg          , Gg          , Gg          , Gg          , Gg          , Wwrg        , Wwg         , Wwg         , Wwg         , Wwg         , Wwg^Vm      , Wwg         , Wwg         , Wo          , Wo          , Wo          , Wo          , Wo          , Wo          , Wo          , Wo          , Wo          , Wo          , Gg          , Wo          , Gg          , Gg          , Hh^Fp       , Gg          , Gg          , Wo          , Wo          
Gg          , Gg          , Ss          , Ss^Vhs      , Ss          , Sm          , Sm          , Gg          , Gg          , Gg          , Gg          , Chr         , Gg          , Gg          , Gg          , Gg          , Gg          , Gg          , Gg          , Gg          , Gg          , Gg          , Gg          , Gg          , Gg          , Wwg         , Gg          , Wwg         , Wwg         , Wwg         , Wwg         , Wwg         , Wwg         , Wo          , Wwg         , Wo          , Wo          , Wo          , Wo          , Wo          , Wo          , Wo          , Wo          , Wo          , Wo          , Gg          , Wo          , Gg          , Wo          , Wo          
Gg          , Sm          , Wwg         , Ss          , Ss          , Ss          , Sm          , Gg          , Gg          , Gg          , Gg          , Gg          , Gg          , Gg          , Gs^Fds      , Gg          , Gs^Fds      , Gg          , Gs^Fds      , Gg          , Gs^Fds      , Gg          , Gg          , Gg          , Gg          , Gg          , Gg          , Gg          , Gg          , Wwg         , Wwg         , Wwg         , Wwg         , Wwg         , Wwg         , Wwg         , Wwg         , Wo          , Wo          , Wo          , Wo          , Wo          , Wo^Vm       , Wo          , Wo          , Wo          , Wo          , Wo          , Wo          , Wo          
Gg          , Sm          , Ss          , Wwg         , Wwg         , Ss          , Wwf         , Wwf         , Wwf         , Gg          , Gg          , Gg          , Gs^Fds      , Gs^Fds      , Gs^Fms      , Gs^Fds      , Gs^Fds      , Gs^Fds      , Gs^Fds      , Gs^Fds      , Gs^Fds      , Gs^Fds      , Gs^Fms      , Gs^Fds      , Gs^Fds      , Gs^Fds      , Gs^Fds      , Gg          , Gg          , Gg          , Gg          , Wwg         , Wwrg^Vhs    , Wwrg        , Wwrg        , Wwg         , Wwg         , Wwg         , Wwg         , Wo          , Wo          , Wo          , Wo          , Wo          , Wo          , Wo          , Wo          , Wo          , Wo          , Wo          
Gg          , Ss          , Sm^Vhs      , Ss          , Wwg         , Ss          , Wwf         , Wwf         , Wwf         , Gg          , Gg          , Gs^Fds      , Gs^Fds      , Gs^Fms      , Gs^Fds      , Gs^Fms      , Gs^Fds      , Gs^Fds      , Gs^Fds      , Gs^Fds      , Gs^Fds      , Gs^Fds      , Gs^Fds      , Gs^Fms      , Gs^Fds      , Gs^Fms      , Gs^Fds      , Gs^Fds      , Gs^Fds      , Gs^Fds      , Gs^Fds      , Gg          , Gg          , Wwg         , Wwrg        , Wwrg        , Wwg         , Wwg         , Wwg         , Wwg         , Wwg         , Wo          , Wo          , Wo          , Wo          , Wo          , Wo          , Wo          , Wo          , Wo          
Gg          , Ss          , Ss          , Ss          , Wwg         , Wwg^Vhs     , Wwg         , Wwf         , Sm          , Gg          , Gg          , Gs^Fds      , Gs^Fds      , Gs^Fds      , Gs^Fds      , Gs^Fds      , Gs^Fds      , Gs^Fds      , Gs^Fds      , Gg^Fet      , Mm          , Gs^Fds      , Gs^Fds      , Gs^Fds      , Gs^Fds      , Gs^Fds      , Gs^Fds      , Gs^Fds      , Gs^Fds      , Gs^Fds      , Gs^Fds      , Gs^Fds      , Gs^Fds      , Gg          , Gg          , Wwg         , Gg          , Wwg         , Wwg         , Wwg         , Wwg         , Wo          , Wo          , Wo          , Wo          , Wo          , Wo          , Wo          , Wo          , Wo          
Gg          , Ss          , Ss          , Wwg         , Ss^Vm       , Ss          , Ss          , Wwg         , Sm          , Gg          , Gg          , Gs^Fds      , Gs^Fds      , Gs^Fds      , Gg          , Gg          , Gs^Fds      , Gs^Fds      , Gs^Fds      , Gs^Fds      , Gs^Fds      , Gs^Fds      , Gs^Fds      , Gs^Fms      , Gs^Fds      , Gg^Ve       , Gg          , Gs^Fds      , Gg          , Gs^Fds      , Gs^Fds      , Gs^Fds      , Gs^Fds      , Gs^Fds      , Gg          , Gg          , Gg          , Gg          , Gg          , Wwg         , Wwg         , Wwg^Vm      , Wwg         , Wo          , Wo          , Wo          , Wo          , Wo          , Wo          , Wo          
Gg          , Gg          , Sm          , Wwg         , Wwg         , Ss          , Ss          , Sm          , Gg          , Gg          , Gs^Fds      , Gs^Fms      , Gs^Fms      , Gs^Fds      , Gg^Ve       , Gg          , Gg          , Gs^Fds      , Gs^Fds      , Gs^Fds      , Gs^Fms      , Gs^Fds      , Gs^Fds      , Gs^Fms      , Gs^Fms      , Gs^Fds      , Gs^Fds      , Gg          , Gg          , Gg          , Gg          , Gs^Fds      , Gs^Fds      , Gs^Fds      , Gs^Fds      , Gg          , Gg          , Gg          , Gg          , Wwg         , Wwg         , Wwg         , Wwrg        , Wwg         , Wwg         , Wo          , Wo          , Wo          , Wo          , Wo          
Gg          , Gg          , Wwf         , Wwf         , Wwf         , Wwg         , Gg          , Gg          , Gg          , Gg          , Gs^Fds      , Gs^Fds      , Gs^Fds      , Gs^Fds      , Gs^Fds      , Gs^Fds      , Gs^Fds      , Gs^Fms      , Gs^Fds      , Gs^Fds      , Gs^Fds      , Gs^Fds      , Gs^Fds      , Gs^Fds      , Gs^Fds      , Gs^Fds      , Gs^Fds      , Gs^Fds      , Gs^Fds      , Gs^Fds      , Gs^Fds      , Gs^Fds      , Gs^Fms      , Gs^Fds      , Gs^Fds      , Gs^Fds      , Gs^Fds      , Gg          , Gg          , Gg          , Gg          , Wwg         , Wwg         , Wwrg        , Wwrg^Vm     , Wwg         , Wwg         , Wwg         , Wwg         , Wwg         
Gg          , Gg          , Wwf         , Wwf^Vhs     , Wwf         , Sm          , Wwf         , Wwf         , Wwf         , Gg          , Gs^Fds      , Gs^Fds      , Gg^Fet      , Gs^Fds      , Gs^Fds      , Gs^Fds      , Gs^Fds      , Gs^Fms      , Gs^Fds      , Gg^Ve       , Gg          , Gs^Fds      , Gs^Fds      , Gs^Fms      , Gs^Fds      , Gs^Fds      , Gs^Fms      , Gs^Fds      , Gs^Fds      , Gs^Fds      , Gs^Fms      , Gs^Fms      , Gs^Fds      , Gs^Fds      , Gs^Fds      , Gs^Fds      , Gs^Fds      , Gs^Fds      , Gg          , Gg          , Gg          , Gg          , Gg          , Wwg         , Wwg         , Wwg         , Wwg         , Wwg         , Wwg         , Wwg         
Gg          , Gg          , Ss          , Wwf         , Ss          , Wwg         , Ss          , Sm          , Sm^Vhs      , Gg          , Gg          , Gs^Fds      , Gs^Fds      , Gs^Fds      , Gs^Fds      , Gs^Fms      , Gs^Fds      , Gs^Fds      , Gs^Fds      , Gg          , Gg          , Gs^Fds      , Gs^Fds      , Gs^Fds      , Gs^Fms      , Gs^Fms      , Gs^Fds      , Gs^Fds      , Gs^Fds      , Gs^Fds      , Gs^Fms      , Gs^Fds      , Gll^Fp      , Gs^Fds      , Gs^Fds      , Gs^Fms      , Gs^Fds      , Gs^Fds      , Gs^Fds      , Gg          , Gg          , Gg          , Gg          , Gg          , Gg          , Wwg         , Wwg         , Wwg         , Wwg         , Wwg         
Gg          , Gg          , Sm          , Ss          , Sm          , Wwg         , Ss          , Ss          , Ss          , Sm          , Gg          , Gg          , Gg          , Gg          , Gs^Fds      , Gs^Fds      , Gs^Fds      , Gs^Fds      , Gg          , Gg          , Gg^Fet      , Gg          , Gs^Fds      , Gs^Fds      , Gs^Fms      , Gs^Fms      , Gs^Fds      , Gs^Fds      , Gs^Fds      , Gg^Ve       , Gs^Fms      , Gs^Fms      , Gs^Fds      , Gll^Fp      , Gs^Fds      , Gs^Fds      , Gs^Fds      , Gs^Fds      , Gs^Fds      , Gg^Fet      , Gg          , Mm          , Gs^Fms      , Gg          , Gg          , Gg          , Wwg         , Gg          , Gg          , Gg          
Gg          , Gg          , Wwf         , Wwf         , Sm          , Gg          , Sm          , Ss          , Wwf         , Sm          , Gg          , Gg          , Gg          , Gg          , Gs^Fds      , Gs^Fds      , Gs^Fds      , Mm          , Gg          , Gg          , Gg          , Gg          , Gs^Fds      , Gs^Fds      , Gs^Fds      , Gs^Fds      , Gs^Fds      , Gs^Fds      , Gs^Fds      , Gs^Fds      , Gs^Fds      , Gs^Fds      , Gs^Fds      , Gll^Fp      , Mm          , Gs^Fds      , Gs^Fms      , Gs^Fds      , Gs^Fms      , Gs^Fds      , Gg          , Gs^Fds      , Gs^Fms      , Gs^Fds      , Gg          , Gg          , Wwg         , Gg          , Gg          , Gg          
Gg          , Gg          , Sm          , Wwg         , Wwf         , Gg          , Wwf         , Wwf         , Gg          , Gg          , Gg          , Gg          , Gg          , Gg          , Gs^Fds      , Gs^Fds      , Gs^Fds      , Gs^Fds      , Gs^Fds      , Gg          , Gg          , Gg          , Gs^Fds      , Gs^Fds      , Gs^Fds      , Gs^Fds      , Gs^Fds      , Gs^Fds      , Gs^Fds      , Gs^Fms      , Gs^Fds      , Gs^Fds      , Gs^Fds      , Gs^Fds      , Gs^Fds      , Gs^Fms      , Gs^Fds      , Gs^Fds      , Gs^Fds      , Gs^Fds      , Gg          , Gs^Fds      , Gs^Fds      , Gs^Fds      , Gg          , Gg          , Gg          , Wwg         , Gg          , Gg          
Gg          , Gg          , Wwf         , Wwf         , Sm          , Gg^Fet      , Wwf         , Ss          , Ss          , Gg          , Wwf         , Gg          , Gg          , Gg          , Gs^Fds      , Gs^Fds      , Gs^Fds      , Gs^Fds      , Gs^Fds      , Gs^Fds      , Gg^Ve       , Gs^Fds      , Gs^Fds      , Gs^Fms      , Gs^Fds      , Gs^Fds      , Gs^Fds      , Gg^Ve       , Gg          , Gs^Fds      , Gs^Fds      , Gs^Fds      , Gs^Fds      , Gs^Fds      , Gs^Fds      , Gs^Fds      , Gs^Fds      , Gs^Fds      , Gg^Ve       , Gg          , Gg          , Gs^Fds      , Gs^Fds      , Gs^Fds      , Gs^Fds      , Gg          , Gg          , Wwg         , Gg          , Gg          
Gg          , Wwf         , Wwf         , Wwf^Vhs     , Ss          , Gg          , Gg          , Wwf         , Wwg         , Wwf         , Gg          , Gg          , Gg          , Gg          , Gs^Fds      , Gs^Fds      , Gll^Fp      , Gs^Fms      , Gll^Fp      , Gs^Fds      , Gs^Fds      , Gs^Fds      , Gs^Fds      , Gs^Fms      , Gs^Fds      , Gs^Fds      , Gg          , Gg          , Gg          , Gg          , Gg          , Gs^Fds      , Gs^Fds      , Gs^Fds      , Gs^Fms      , Gs^Fms      , Gs^Fms      , Gs^Fds      , Gs^Fds      , Gg          , Gg          , Gs^Fds      , Gs^Fms      , Gs^Fds      , Gs^Fds      , Gg          , Gg          , Wwg         , Gg          , Gg          
Gg          , Wwf         , Wwf         , Wwf         , Ss          , Wwg         , Gg          , Wwf         , Wwg         , Ss          , Ss^Vhs      , Gg          , Gg          , Gg          , Gs^Fds      , Gs^Fds      , Gll^Fp      , Gs^Fms      , Gs^Fms      , Gll^Fp      , Gs^Fds      , Gs^Fds      , Gs^Fds      , Gs^Fds      , Gs^Fds      , Gs^Fds      , Gg          , Gg          , Gg^Fet      , Gg          , Gg          , Gs^Fds      , Gs^Fds      , Gs^Fds      , Gs^Fds      , Gs^Fms      , Gs^Fms      , Gs^Fds      , Gs^Fds      , Gs^Fds      , Gg^Fet      , Gs^Fds      , Gs^Fds      , Gs^Fds      , Gs^Fds      , Gg          , Wwg         , Wwg         , Gg          , Gg          
Gg          , Gg          , Ss          , Ss          , Ss^Vhs      , Sm          , Gg          , Wwg         , Wwg         , Wwf         , Ss          , Gg          , Gg          , Gs^Fds      , Gs^Fds      , Gs^Fds      , Gs^Fds      , Gs^Fds      , Gg^Ve       , Gs^Fds      , Gs^Fds      , Gs^Fds      , Gs^Fds      , Gs^Fds      , Mm          , Gg          , Gg          , Gg          , Gg          , Gg          , Gs^Fds      , Gs^Fds      , Gs^Fds      , Gs^Fds      , Gs^Fds      , Gs^Fds      , Gs^Fds      , Gs^Fds      , Gs^Fms      , Gs^Fds      , Gs^Fds      , Gs^Fds      , Gs^Fds      , Gs^Fds      , Gs^Fds      , Gg          , Wwg         , Gg          , Gg          , Gg          
Gg          , Gg          , Wwg         , Ss          , Ss          , Wwf         , Wwf         , Wwf         , Sm          , Wwf         , Sm          , Gg          , Gg          , Gs^Fds      , Gs^Fds      , Gs^Fds      , Gg^Fet      , Gs^Fds      , Gs^Fms      , Gs^Fms      , Gs^Fds      , Gs^Fds      , Gs^Fds      , Gs^Fds      , Gg          , Gg          , Gg          , Gg          , Gs^Fds      , Gs^Fds      , Gs^Fds      , Gs^Fds      , Gs^Fds      , Gs^Fds      , Gg^Ve       , Gs^Fds      , Gs^Fds      , Gs^Fds      , Gs^Fms      , Gs^Fds      , Gs^Fds      , Gs^Fds      , Gs^Fds      , Gs^Fms      , Gs^Fds      , Gg          , Wwg         , Gg          , Gg          , Gg          
Gg          , Ss          , Ss          , Wwg         , Wwg         , Gg          , Gg          , Wwf         , Ss          , Sm          , Gg          , Gg          , Gg          , Gs^Fds      , Gs^Fds      , Gs^Fds      , Gs^Fds      , Gs^Fds      , Gs^Fds      , Gs^Fds      , Gs^Fds      , Gs^Fds      , Gs^Fds      , Gg^Fet      , Gs^Fds      , Gg          , Gs^Fds      , Gs^Fds      , Gs^Fms      , Gs^Fds      , Gs^Fds      , Gs^Fds      , Gg          , Gg          , Gg          , Gs^Fds      , Gs^Fds      , Gs^Fds      , Gs^Fms      , Gll^Fp      , Gll^Fp      , Gg^Ve       , Gs^Fds      , Gs^Fds      , Gs^Fds      , Gs^Fds      , Wwg         , Gg          , Gg          , Gg          
Gg          , Ss^Vhs      , Ss          , Ss          , Ss          , Sm          , Ss          , Ss          , Gg          , Gg          , Mm          , Gg          , Gg          , Gg          , Gs^Fds      , Gs^Fds      , Gs^Fds      , Gs^Fds      , Gs^Fds      , Gs^Fds      , Gs^Fds      , Gs^Fds      , Gs^Fds      , Gs^Fds      , Gs^Fds      , Gs^Fds      , Gs^Fds      , Gs^Fms      , Gs^Fds      , Gs^Fds      , Gg          , Gg          , Gg          , Gg          , Gg          , Gg          , Gs^Fds      , Gs^Fds      , Gs^Fds      , Gs^Fds      , Gs^Fds      , Gs^Fds      , Gs^Fds      , Mm          , Gs^Fds      , Gs^Fds      , Gs^Fds      , Wwg         , Gg          , Gg          
Gg          , Ss          , Wwf         , Wwf         , Wwf         , Sm          , Ss          , Ss          , Gg          , Gg          , Gg          , Gg          , Gg          , Gg          , Gg          , Gs^Fds      , Gs^Fds      , Gll^Fp      , Gs^Fds      , Gs^Fms      , Gll^Fp      , Gll^Fp      , Gs^Fms      , Gs^Fds      , Gs^Fms      , Gs^Fds      , Gs^Fms      , Gs^Fds      , Gs^Fds      , Gs^Fds      , Gs^Fds      , Gg^Ve       , Gs^Fds      , Gg          , Gg          , Gg          , Gs^Fds      , Gs^Fms      , Gs^Fms      , Gs^Fds      , Gg^Fet      , Gs^Fds      , Gs^Fds      , Gs^Fds      , Gs^Fds      , Gs^Fds      , Gs^Fds      , Wwg         , Gg          , Gg          
Gg          , Gg          , Wwf         , Wwf         , Wwg         , Wwg         , Ss          , Wwg         , Wwg         , Gg          , Gg          , Gg          , Gg          , Gg          , Gg          , Gs^Fds      , Gs^Fds      , Gll^Fp      , Gll^Fp      , Gs^Fms      , Gs^Fds      , Gs^Fds      , Gs^Fds      , Gs^Fms      , Gs^Fds      , Gs^Fms      , Gs^Fms      , Gs^Fms      , Gs^Fms      , Gs^Fds      , Gs^Fds      , Gs^Fds      , Gs^Fds      , Gs^Fds      , Gs^Fds      , Gs^Fds      , Gs^Fds      , Gs^Fms      , Gs^Fds      , Gs^Fds      , Gs^Fds      , Gs^Fds      , Gs^Fds      , Gs^Fds      , Gs^Fds      , Gs^Fds      , Gg          , Wwg         , Gg          , Gg          
Gg          , Gg          , Wwg         , Wwf         , Wwg         , Gg          , Sm          , Ss^Vm       , Wwg         , Sm          , Gg          , Gg          , Gg          , Gg          , Gg          , Gs^Fds      , Gs^Fds      , Gs^Fds      , Gs^Fms      , Gs^Fds      , Gs^Fds      , Gs^Fds      , Gs^Fds      , Gs^Fds      , Gll^Fp      , Gll^Fp      , Gll^Fp      , Gs^Fms      , Gs^Fms      , Gll^Fp      , Gll^Fp      , Gll^Fp      , Gll^Fp      , Gll^Fp      , Gs^Fds      , Gs^Fds      , Gs^Fds      , Gs^Fds      , Gs^Fds      , Gs^Fms      , Gs^Fds      , Gs^Fds      , Gs^Fms      , Gs^Fds      , Gg          , Gg          , Gg          , Wwg         , Gg          , Gg          
Gg          , Gg          , Gg          , Sm          , Sm          , Sm          , Gg          , Wwg         , Wwg         , Sm^Vhs      , Sm          , Gg          , Gg          , Gg          , Gg          , Gg          , Gg          , Gs^Fds      , Gs^Fds      , Gs^Fds      , Gs^Fds      , Gs^Fds      , Gg^Fet      , Gs^Fds      , Gs^Fds      , Gs^Fds      , Gs^Fds      , Gg^Ve       , Gs^Fds      , Gs^Fds      , Gs^Fds      , Gs^Fds      , Gs^Fds      , Gs^Fds      , Gs^Fds      , Gs^Fds      , Gs^Fds      , Gs^Fds      , Gs^Fms      , Gs^Fms      , Gs^Fds      , Gs^Fds      , Gg          , Gg          , Gg          , Gg          , Gg          , Wwg         , Gg          , Gg          
Gg          , Gg          , Sm          , Gg^Fet      , Ss          , Wwg         , Wwg         , Gg          , Wwf         , Wwf         , Sm          , Gg          , Gg          , Gg          , Gg          , Gg          , Gg          , Gg          , Gs^Fds      , Gs^Fds      , Gs^Fms      , Gs^Fds      , Gs^Fds      , Gs^Fds      , Gs^Fds      , Gs^Fds      , Gs^Fds      , Gs^Fds      , Gg          , Gs^Fds      , Gs^Fds      , Gs^Fds      , Gs^Fds      , Gs^Fds      , Gs^Fds      , Gg^Fet      , Gs^Fds      , Gs^Fms      , Gs^Fds      , Gs^Fds      , Gg          , Gg          , Ce          , Gg          , Gg          , Gg          , Wwg         , Wwg         , Gg          , Gg          
Gg          , Gg          , Sm          , Ss          , Ss          , Ss          , Wwg         , Wwg         , Wwf         , Wwf         , Wwf         , Gg          , Gg          , Gg          , Gg          , Gg          , Gg          , Gg          , Gg          , Gs^Fms      , Gs^Fds      , Gs^Fds      , Gs^Fms      , Gs^Fms      , Gs^Fds      , Gs^Fds      , Gg          , Gg          , Gg          , Gg          , Mm          , Gs^Fms      , Gs^Fds      , Gs^Fms      , Gs^Fds      , Gs^Fds      , Gs^Fds      , Gs^Fds      , Gg          , Gg          , Ce          , Ce          , 1 Ke        , Ce          , Ce          , Gg          , Wwg         , Wwg         , Gg          , Gg          
Gg          , Gg          , Sm          , Ss^Vhs      , Ss          , Ss          , Ss          , Ss          , Ss          , Wwf         , Gg          , Gg          , Gg          , Mm          , Gg          , Gg          , Gg          , Gg          , Gg          , Gs^Fds      , Gs^Fds      , Gs^Fds      , Gs^Fds      , Gs^Fms      , Gs^Fds      , Gs^Fds      , Gg          , Gg          , Gg          , Gg          , Gg          , Gs^Fms      , Gs^Fds      , Gs^Fds      , Gs^Fds      , Gs^Fds      , Gg          , Gg          , Gg          , Gg          , Gg          , Ce          , Ce          , Ce          , Gg          , Gg          , Wwg         , Gg          , Gg          , Gg          
Mm^Xm       , Gg          , Gg          , Sm          , Gg          , Sm          , Gg          , Ss          , Gg          , Gg          , Gg          , Gg          , Gg          , Gg          , Gg          , Gg          , Gg          , Gg          , Gg          , Gg          , Gg          , Gs^Fms      , Gg          , Gs^Fds      , Gg          , Gg          , Gg          , Gg          , Gg          , Gg          , Gg          , Gg          , Gg          , Gg          , Gg          , Gg          , Gg          , Gg          , Gg          , Gg          , Gg          , Gg          , Gg          , Gg          , Gg          , Gg          , Wwg         , Gg          , Gg          , Gg          
Mm^Xm       , Mm^Xm       , Mm^Xm       , Gg          , Gg          , Gg          , Gg          , Gg          , Gg          , Gg          , Gg          , Gg          , Gg          , Gg          , Gg          , Gg          , Gg          , Gg          , Gg          , Gg          , Gg          , Gg          , Gg          , Gg          , Gg          , Gg          , Gg          , Gg          , Gg          , Gg          , Gg          , Gg          , Gg          , Gg          , Gg          , Gg          , Gg          , Gg          , Gg          , Gg          , Gg          , Gg          , Gg          , Gg          , Wwg         , Wwg         , Gg          , Gg          , Gs^Fds      , Gs^Fds      
Mm^Xm       , Mm^Xm       , Mm^Xm       , Mm^Xm       , Mm^Xm       , Mm^Xm       , Mm^Xm       , Mm^Xm       , Mm^Xm       , Gg          , Gg          , Gg          , Gg          , Gg          , Gg          , Gg          , Gg          , Gg          , Gg          , Gg          , Gg          , Gg          , Gg          , Gg          , Gg          , Gg          , Gg          , Gg          , Gg          , Gg          , Gg          , Gg          , Gg          , Gg          , Gg          , Gg          , Gg          , Gg          , Gg          , Gg          , Gg          , Gg          , Wwg         , Wwg         , Gg          , Gg          , Gg          , Gg          , Gs^Fds      , Gs^Fds      
Mm^Xm       , Mm^Xm       , Mm^Xm       , Mm^Xm       , Mm^Xm       , Mm^Xm       , Mm^Xm       , Mm^Xm       , Mm^Xm       , Mm^Xm       , Mm^Xm       , Gg          , Gg          , Gg          , Gg          , Gg          , Gg          , Gg          , Gs^Fds      , Gg          , Gs^Fds      , Gs^Fds      , Gs^Fds      , Gg          , Gs^Fds      , Gg          , Gg          , Gg          , Gg          , Gg          , Gg          , Gg          , Gg          , Gs^Fds      , Gs^Fds      , Gg          , Gs^Fds      , Gs^Fds      , Gs^Fds      , Gg          , Wwg         , Wwg         , Gg          , Gg          , Gs^Fds      , Gs^Fds      , Gs^Fds      , Gs^Fds      , Gs^Fds      , Gs^Fds      
Mm^Xm       , Mm^Xm       , Mm^Xm       , Mm^Xm       , Mm^Xm       , Mm^Xm       , Mm^Xm       , Mm^Xm       , Mm^Xm       , Mm^Xm       , Mm^Xm       , Gg          , Gg          , Gg          , Gg          , Gg          , Gs^Fds      , Gs^Fds      , Gs^Fds      , Gs^Fds      , Gs^Fds      , Gs^Fds      , Gs^Fms      , Gs^Fds      , Gs^Fms      , Gs^Fds      , Gs^Fds      , Gs^Fds      , Gs^Fds      , Gg^Fet      , Gg          , Gg          , Gs^Fds      , Gs^Fms      , Gs^Fds      , Gs^Fds      , Gs^Fms      , Gs^Fms      , Gs^Fds      , Gs^Fds      , Wwg         , Gs^Fds      , Gs^Fms      , Gs^Fds      , Gs^Fds      , Gs^Fds      , Gs^Fds      , Gs^Fds      , Gs^Fds      , Gs^Fds      
Mm^Xm       , Mm^Xm       , Mm^Xm       , Mm^Xm       , Mm^Xm       , Mm^Xm       , Mm^Xm       , Mm^Xm       , Mm^Xm       , Mm^Xm       , Mm^Xm       , Mm^Xm       , Mm^Xm       , Gg          , Gg          , Gg          , Gs^Fds      , Gs^Fds      , Gs^Fds      , Gs^Fms      , Gs^Fds      , Gs^Fds      , Gs^Fds      , Gs^Fds      , Gs^Fds      , Gs^Fds      , Gs^Fds      , Gs^Fds      , Gg          , Gg          , Gg          , Gg          , Gs^Fds      , Gs^Fds      , Gs^Fds      , Gs^Fds      , Gg          , Gs^Fds      , Gs^Fds      , Gs^Fds      , Wwg         , Gs^Fds      , Gs^Fds      , Gs^Fds      , Gs^Fds      , Gs^Fds      , Gs^Fds      , Gs^Fds      , Gs^Fds      , Gs^Fds      
