ZSwa, ZSwa, ZSwa, ZSwa, ZSwa, ZSwa, ZSwa, ZSwa, ZSwa, ZSwa, ZSwa, ZSwa, ZSwa, ZSwa, ZSwa, ZSwa, ZSwa, ZSwa, ZSwa, ZSwa, ZSwa, ZSwa, ZSwa, ZSwa
ZSwa, ZSwa, ZSwa, ZSwa, ZSwa, ZSwa, ZSwa, ZSwa, ZSwa, ZSwa, ZSwa, ZSwa, ZSwa, ZSwa, ZSwa, ZSwa, ZSwa, ZSwa, ZSwa, ZSwa, ZSwa, ZSwa, ZSwa, ZSwa
ZSwa, ZSwa, ZSwa, ZSwa, ZSwa, ZSwa, ZSwa, ZSwa, ZSwa, ZSwa, ZSmo, ZSwa, ZSwa, ZSwa, ZSwa, ZSwa, ZSwa, ZSwa, ZSwa, ZSwa, ZSwa, ZSwa, ZSwa, ZSwa
ZSwa, ZSwa, ZSwa, ZSwa, ZSwa, ZSwa, ZSwa, ZSwa, ZSwa, ZSwa, ZSwa, ZSwa, ZSwa, ZSwa, ZSwa, ZSwa, ZSwa, ZSwa, ZSwa, ZSwa, ZSwa, ZSwa, ZSwa, ZSwa
ZSwa, ZSwa, ZSwa, ZSwa, ZSwa, ZSwa, ZSsw, ZSsw, ZSsw, ZSfl^ZSvi, ZSwo, ZSwo, ZSfl^ZSw/, ZSwa^ZSw/, ZSwa, ZSwa, ZSwa, ZSwa, ZSwa, ZSwa, ZSwa, ZSwa, ZSwa, ZSwa
ZSwa, ZSwa, ZSwa, ZSwa, ZSwa, ZSsw, ZSsw, ZSsw, ZSsw, ZSwo, ZSfl^ZSca, ZSfl^ZSw/, ZSwo, ZSfl, ZSwa, ZSwa, ZSwa, ZSwa, ZSwa, ZSwa, ZSwa, ZSwa, ZSwa, ZSwa
ZSwa, ZSwa, ZSwa, ZSwa, ZSwa, ZSsw, ZSsw, ZSsw, ZSwo^ZSw/, ZSwo^ZSw\, ZSwo^ZSw\, ZSwo, ZSwo, ZSwo, ZSmo, ZSwa, ZSwa, ZSwa, ZSwa, ZSwa, ZSwa, ZSwa, ZSwa, ZSwa
ZSwa, ZSwa, ZSwa, ZSwa, ZSwa, ZSfl, ZSfl^ZSw/, ZSfl^ZSw/, ZSfl^ZSvi, ZSwo, ZSfl, ZSfl, ZSmo, ZSmo, ZSfl, ZSfl^ZSca, ZSwa, ZSwa, ZSwa, ZSwa, ZSwa, ZSwa, ZSwa, ZSwa
ZSwa, ZSwa, ZSwa, ZSwa, ZSwa, ZSwa^ZSw/, ZSwa, ZSfl, ZSwa, ZSwa, ZSwa, ZSmo, ZShi, ZShi, ZSfl, ZSwa, ZSfl, ZSwa, ZSwa, ZSwa, ZSwa, ZSwa, ZSwa, ZSwa
ZSwa, ZSwa, ZSwa, ZSwa, ZSwa, ZSwa, ZSwa, ZSwa^ZSw\, ZSfl^ZSw\, ZSwo, ZSwo, ZSwa, ZSwa, ZShi, ZSfl, ZSwa, ZSwa, ZSwa, ZSwa, ZSwa, ZSwa, ZSwa, ZSwa, ZSwa
ZSwa, ZSwa, ZSwa, ZSwa, ZSwa, ZSwa, ZSwa, ZSwo, ZSfl^ZSvi, ZSfl^ZSw\, ZSwo, ZSwo, ZSwa, ZSwa, ZSwa, ZSwa, ZSwa, ZSwa, ZSwa, ZSwa, ZSwa, ZSwa, ZSwa, ZSwa
ZSwa, ZSwa, ZSwa, ZSwa, ZSwa, ZSwa, ZSwa, ZSwo, ZSwo, ZSfl^ZSw|, ZSwo, ZSwa, ZSwa, ZSwa, ZSwa, ZSwa, ZSwa, ZSwa, ZSwa, ZSwa, ZSwa, ZSwa, ZSwa, ZSwa
ZSwa, ZSwa, ZSwa, ZSwa, ZSwa, ZSwa, ZSwa, ZSwa, ZSwa, ZSmo, ZSwo, ZSwa, ZSwa, ZSwa, ZSwa, ZSwa, ZSwa, ZSwa, ZSwa, ZSwa, ZSwa, ZSwa, ZSwa, ZSwa
ZSwa, ZSwa, ZSwa, ZSwa, ZSwa, ZSwa, ZSwa, ZSwa, ZSwa, ZSwa, ZSwa, ZSwa, ZSwa, ZSwa, ZSwa, ZSwa, ZSwa, ZSwa, ZSwa, ZSwa, ZSwa, ZSwa, ZSwa, ZSwa
ZSwa, ZSwa, ZSwa, ZSwa, ZSwa, ZSwa, ZSwa, ZSwa, ZSwa, ZSwa, ZSwa, ZSwa, ZSwa, ZSwa, ZSwa, ZSwa, ZSwa, ZSwa, ZSwa, ZSwa, ZSwa, ZSwa, ZSwa, ZSwa
ZSwa, ZSwa, ZSwa, ZSwa, ZSwa, ZSwa, ZSwa, ZSwa, ZSwa, ZSwa, ZSwa, ZSwa, ZSwa, ZSwa, ZSwa, ZSwa, ZSwa, ZSwa, ZSwa, ZSwa, ZSwa, ZSwa, ZSwa, ZSwa
ZSwa, ZSwa, ZSwa, ZSwa, ZSwa, ZSwa, ZSwa, ZSwa, ZSwa, ZSwa, ZSwa, ZSwa, ZSwa, ZSwa, ZSwa, ZSwa, ZSwa, ZSwa, ZSwa, ZSwa, ZSwa, ZSwa, ZSwa, ZSwa
ZSwa, ZSwa, ZSwa, ZSwa, ZSwa, ZSwa, ZSwa, ZSwa, ZSwa, ZSwa, ZSwa, ZSwa, ZSwa, ZSwa, ZSwa, ZSwa, ZSwa, ZSwa, ZSwa, ZSwa, ZSwa, ZSwa, ZSwa, ZSwa
ZSwa, ZSwa, ZSwa, ZSwa, ZSwa, ZSwa, ZSwa, ZSwa, ZSwa, ZSwa, ZSwa, ZSwa, ZSwa, ZSwa, ZSwa, ZSwa, ZSwa, ZSwa, ZSwa, ZSwa, ZSwa, ZSwa, ZSwa, ZSwa
