border_size=1
usage=map

Gg, Gg, Gs^Fds, Gg, Gg, Gg, Gg, Wot, Ww, Wo, Wo, Wo, Wo, Wo, Wo, Wo, Wo, Wo, Wo, Wo, Wo, Wo, Wo, Wo, Wo, Wo, Wo, Wo, Wo, Wo, Wo, Wo, Wo, Wo, Wo, Wo, Wo, Wo, Wo, Wo, Wo, Wo, Wo, Wo, Wo, Wo, Wo, Wo
Gg, Gs^Fds, Gg^Fet, Gs^Fds, Gs^Fds, Gg, Gg^Ve, Ww, Ww, Ww, Ww, Wo, Wo, Wo, Wo, Wo, Wo, Wo, Wo, Wo, Wo, Wo, Wo, Wo, Wo, Wo, Wo, Wo, Wo, Wo, Wo, Wo, Wo, Wo, Wo, Wo, Wo, Wo, Wo, Wo, Wo, Wo, Wo, Wo, Wo, Wo, Wo, Wo
Gg, Gs^Fds, Gs^Fds, Gs^Fds, Gs^Fds, Gg, Gg, Gg, Gg, Ww, Ww, Ww, Wo, Wo, Wo, Wo, Wo, Wo, Wo, Wo, Wo, Wo, Wo, Wo, Wo, Wo, Wo, Wo, Wo, Wo, Wo, Wo, Wo, Wo, Wo, Wo, Wo, Wo, Wo, Wo, Wwr, Wwr, Wwr, Wo, Wo, Wo, Wo, Wo
Gg, Gs^Fds, Gs^Fds, Gs^Fds, Gs^Fds, Gg, Gg, Gg, Gg, Gg, Ww, Ww, Wo, Wo, Wo, Wo, Wo, Wo, Wo, Wo, Wo, Wo, Wo, Wo, Wo, Wo, Wo, Wo, Wo, Wo, Wo, Wo, Wo, Wo, Wo, Wo, Wo, Wo, Wo, Wwr, Wwr, Wwrg^Vm, Wwr, Wwr, Wo, Wo, Wo, Wo
Gg, Gs^Fds, Gs^Fds, Gs^Fds, Gs^Fds, Gg, Gg, Gg, Gg, Gg, Ww, Ww, Ww, Wo, Wo, Wo, Wo, Wo, Wo, Wo, Wo, Wo, Ww, Wo, Ww, Wo, Wo, Wo, Wo, Wo, Wo, Wo, Wo, Wo, Wo, Wo, Wo, Wo, Wo, Wwr, Wwr, Wwr, Wwr, Wwr, Wo, Wo, Wo, Wo
Gg, Gs^Fds, Gs^Fds, Gs^Fds, Gs^Fds, Gs^Fds, Gs^Fds, Gg, Gg, Gg, Gg, Ww, Ww, Ww, Ww, Wo, Ww, Wo, Ww, Ww, Ww, Ww, Ww, Ww, Gg, Ww, Ww, Wo, Ww, Wo, Wo, Wo, Wo, Wo, Wo, Wo, Wo, Wo, Wo, Wo, Wo, Wwr, Wwr, Wwr, Wo, Wo, Wo, Wo
Gg, Gs^Fds, Gs^Fds, Gs^Fds, Gs^Fds, Gs^Fds, Gs^Fds, Gs^Fds, Gs^Fds, Gs^Fds, Gs^Fds, Gs^Fds, Gs^Fds, Gg, Gg, Ww, Gg, Ww, Gg, Ww, Gg, Ww, Gg, Gg, Gg, Gg, Gg, Ww, Ww, Ww, Ww, Ww, Ww, Ww, Ww, Wo, Wo, Wo, Wo, Wo, Wo, Wo, Wo, Wo, Wo, Wo, Wo, Wo
Gg, Gg, Gs^Fds, Gs^Fds, Gs^Fds, Gs^Fds, Gs^Fds, Gs^Fds, Gs^Fds, Gs^Fds, Gg^Fet, Gs^Fds, Gs^Fds, Gs^Fds, Gs^Fds, Gs^Fds, Gs^Fds, Gg, Gg, Gg, Gg, Gg, Gg, Gg, Gg, Gg, Mm, Gg, Gg, Gg, Gg, Gg, Mm, Ww, Co, Ww, Ww, Wo, Wo, Wo, Wo, Wo, Wo, Wo, Wo, Wo, Wo, Wo
Gg, Gg^Ve, Gs^Fds, Gs^Fds, Gs^Fds, Gs^Fds, Gg^Ve, Gs^Fds, Gs^Fds, Gs^Fds, Gs^Fds, Gs^Fds, Gs^Fds, Gg^Ve, Gs^Fds, Gs^Fds, Gs^Fds, Gg, Gg, Gg, Gg, Gg, Gg, Gg, Mm, Mm, Mm, Mm, Gd^Vo, Mm, Mm, Mm, Mm, Mm, Rr, Gd^Vo, Ww, Ww, Wo, Wo, Wo, Wo, Wo, Wo, Wo, Wo, Wo, Wo
Gg, Gg, Gs^Fds, Gs^Fds, Gs^Fds, Gs^Fds, Gg, Ww, Ww, Gs^Fds, Gs^Fds, Gs^Fds, Gs^Fds, Gs^Fds, Gs^Fds, Gs^Fds, Gg, Gg, Gg, Gg, Gg, Co, Rr, Gg, Mm, Mm, Mm, Mm, Mm, Mm, Mm, Mm, Mm, Mm, Rr, Gg, Gg, Ww, Ww, Wo, Wo, Wo, Wo, Wo, Wo, Wo, Wo, Wo
Gg, Gs^Fds, Gs^Fds, Gs^Fds, Gs^Fds, Gs^Fds, Gg, Ww, Gs^Fds, Gs^Fds, Gs^Fds, Gs^Fds, Gs^Fds, Gg, Gg, Gg, Gg, Gg, Gg, Gg, Mm, Mm, Mm, Rr, Rr, Mm, Mm, Mm, Mm, Mm, Mm, Mm, Gg, Gg, Gg, Rr, Rr, Gg, Gg, Ww, Ww, Wo, Ww, Wo, Wo, Wo, Wo, Wo
Gg, Gs^Fds, Gs^Fds, Gg^Fet, Gs^Fds, Gs^Fds, Gg, Gs^Fds, Gs^Fds, Gs^Fds, Gs^Fds, Gs^Fds, Gg, Gg, Gg, Gg, Gg, Gg, Mm, Mm, Mm, Mm, Mm, Mm, Gg, Rr, Rr, Gg, Gg, Gg, Gg, Gg, Gg, Gg, Gg, Gg, Gg, Rr, Rr, Gg, Gg, Ww, Ww, Wo, Wo, Wo, Wo, Wo
Gg, Gs^Fds, Gs^Fds, Gs^Fds, Gs^Fds, Gs^Fds, Gs^Fds, Gs^Fds, Gs^Fds, Gs^Fds, Gg, Gg, Gg, Gg, Gg, Gg, Mm, Mm, Mm, Mm, Mm, Mm, Mm, Gd^Vo, Gg, Gg, Gg, Rr, Rr, Gg, Gg, Gg, Gg, Gg, Gg, Gg, Gg, Gg, Gg, Rr, Rr, Gg, Ww, Wo, Wo, Wo, Wo, Wo
Gg, Gs^Fds, Gs^Fds, Gs^Fds, Gs^Fds, Gs^Fds, Gs^Fds, Gs^Fds, Gs^Fds, Gs^Fds, Gg, Gg, Gg, Gg, Gg, Gg, Mm, Mm, Mm, Mm, Mm, Mm, Mm, Gg, Gg, Gg, Gs^Fds, Gg, Gg, Rr, Rr, Gg, Gg, Gg, Gg, Gg, Gg, Gg, Gg, Gg, Rr, Gg, Ww, Wo, Wo, Wo, Wo, Wo
Gg, Gg, Gs^Fds, Gs^Fds, Gs^Fds, Gs^Fds, Gs^Fds, Gs^Fds, Gg, Gg, Gg, Gg, Mm, Mm, Mm, Mm, Mm, Mm, Mm, Mm, Mm, Mm, Gg, Gg, Gg, Gs^Fds, Gs^Fds, Gs^Fds, Gg, Gg, Gg, Rr, Rr, Gg, Gd^Vo, Co, Gg, Gg, Gg, Co, Rr, Gg, Ww, Wo, Wo, Wo, Wo, Wo
Gs^Fds, Gs^Fds, Rp^Fds, Gs^Fds, Gs^Fds, Gs^Fds, Gg, Gg, Gg, Gg, Gg, Gg, Mm, Mm, Mm, Mm, Mm, Mm, Mm, Mm, Gg, Gg, Gg, Gg, Gg, Gs^Fds, Gs^Fds, Gs^Fds, Gg, Gg, Gg, Gg, Gg, Rr, Rr, Rr, Gg, Gg, Gg, Gg, Rr, Gg, Ww, Wo, Wo, Wo, Wo, Wo
Gs^Fds, Rp^Fds, Rp^Vhcr, Rp^Fds, Gg, Gg, Gg, Gg, Mm, Gg, Mm, Mm, Mm, Mm, Mm, Mm, Mm, Mm, Gg, Gg, Gg, Gg, Gg, Gg, Gg, Gg, Gg, Gg, Gg, Gg, Gg, Gg, Co, Rr, Gg, Rr, Rr, Gg, Gd^Vo, Gg, Rr, Ww^Bw\, Ww^Bw\, Wo, Wo, Wo, Wo, Wo
Gg, Rp^Fds, Rp, Rp, Gg, Gg, Mm, Mm, Mm, Mm, Mm, Mm, Mm, Gd^Vo, Mm, Mm, Gg, Gg, Gg, Gg, Gg, Gg, Gs^Fds, Gs^Fds, Gs^Fds, Gg, Gg, Gg, Gg, Gg, Gg, Gg, Gg, Gg, Gg, Gg, Gg, Rr, Co, Co, Co, Ww, Wo, Wo, Wo, Wo, Wo, Wo
Gg, Gg, Gg, Gg, Gg, Gg, Mm, Mm, Mm, Mm, Mm, Mm, Mm, Mm, Mm, Gg, Gg, Gg, Gg, Gg, Gs^Fds, Gs^Fds, Gs^Fds, Gs^Fds, Gs^Fds, Gd^Vo, Gg, Gg, Gg, Gg, Gg, Gg, Gd^Vo, Gg, Rr, Gg, Rr, Co, Co, 2 Ko, Co, Ww, Wo, Wo, Wo, Wo, Wo, Wo
Gg, Gg, Mm, Gg, Mm, Mm, Mm, Mm, Mm, Mm, Mm, Mm, Mm, Mm, Gg, Gg, Gg, Gg, Gs^Fds, Gs^Fds, Gs^Fds, Gg^Fet, Gs^Fds, Gs^Fds, Gs^Fds, Gg, Gg, Gg, Gg, Gg, Rr, Co, Rr, Rr, Gg, Rr, Ww, Co, Ww, Co, Ww, Ww, Wo, Wo, Wo, Wo, Wo, Wo
Mm, Mm, Mm, Mm, Mm, Mm, Mm, Mm, Mm, Mm, Mm, Mm, Gg, Gg, Gg, Gg, Gg, Gs^Fds, Gs^Fds, Gs^Fds, Gs^Fds, Gs^Fds, Gs^Fds, Gs^Fds, Gs^Fds, Gg, Gg, Gg, Rr, Rr, Gg, Gg, Gg, Gg, Ww, Ww^Bw\, Ww^Bw\, Ww, Ww, Ww, Wo, Ww, Wo, Wo, Wo, Wo, Wo, Wo
Mm, Mm, Mm, Mm, Mm, Mm, Mm, Mm, Mm, Mm, Gg, Gg, Gg^Gvs, Gg, Gg, Gg, Gg, Gs^Fds, Gs^Fds, Gs^Fds, Gg, Gs^Fds, Gs^Fds, Gs^Fds, Gg, Gg, Rr, Rr, Gg, Gg, Gg, Gg, Ww, Ww^Bw\, Ww^Bw\, Ww, Wo, Wo, Wo, Wo, Wo, Wo, Wo, Wo, Wo, Wo, Wo, Wo
Mm, Mm, Mm, Mm, Mm, Mm, Mm, Mm, Gg, Gg, Gg, Gg^Gvs, Gg^Gvs, Gg^Vwm, Gg, Gg, Gg, Gg, Gg, Gg, Gg, Gg, Gg, Gg, Rr, Rr, Gg, Gg, Gg, Gg, Ww, Ww, Ww, Ww, Ww, Ww, Wo, Wo, Wo, Wo, Wo, Wo, Wo, Wo, Wo, Wo, Wo, Wo
Mm, Mm, Mm, Mm, Mm, Mm, Mm, Gg, Gg, Gg, Gg, Gg, Gg, Gg^Gvs, Gg, Gg, Gg, Gg, Gg, Gg, Gg, Gg, Gg, Gg, Rr, Gg, Gg^Gvs, Gg, Gg, Gg, Ww, Ww, Ww, Ww, Ww, Ww, Ww, Wo, Wo, Wo, Wo, Wo, Gg, Wo, Wo, Wo, Wo, Wo
Mm, Mm, Mm, Mm, Mm, Mm, Mm, Gg, Gg, Gg, Gg, Gg, Gg, Gg, Gs^Fds, Gs^Fds, Gs^Fds, Gg, Gg, Gg, Gg, Gg, Rr, Rr, Gg, Gg, Gg^Gvs, Gg^Vwm, Gg^Gvs, Gg, Ww, Ww, Ww, Ww, Wwg^Vm, Ww, Ww, Wo, Gg, Wo, Gs^Fds, Gg, Gs^Fds, Wo, Wo, Wo, Wo, Wo
Mm, Mm, Mm, Hhd^Vhhr, Mm, Mm, Mm, Mm, Gg, Gg, Gg, Gg, Gs^Fds, Gg, Gs^Fds, Gs^Fds, Gs^Fds, Gg, Gg, Gg, Rr, Rr, Ww^Bsb\, Ww, Ww, Gg, Gg, Gg^Gvs, Ww, Gg, Ww, Ww, Ww, Ww, Ww, Ww, Ww, Ww, Gg, Gs^Fds, Gs^Fds, Gs^Fds, Gs^Fds, Wo, Wo, Wo, Wo, Wo
Mm, Mm, Mm, Mm, Mm, Mm, Mm, Mm, Hh, Gg, Gs^Fds, Gs^Fds, Gs^Fds, Gs^Fds, Gs^Fds, Gs^Fds, Gs^Fds, Gs^Fds, Gs^Fds, Co, Ww, Ww, Gg, Gg, Gg, Ww, Ww, Ww, Gg, Ww, Ww, Ww, Ww, Ww, Ww, Ww, Ww, Ww, Gs^Fds, Gs^Fds, Gg^Ve, Gg, Gs^Fds, Gs^Fds, Gg^Ve, Wo, Wo, Wo
Mm, Mm, Mm, Mm, Hh, Mm, Hh, Hh, Hh^Fds, Hh^Fds, Gs^Fds, Gs^Fds, Gs^Fds, Gs^Fds, Gs^Fds, Gs^Fds, Gs^Fds, Gs^Fds, Gs^Fds, Ww, Gg, Gg, Gg, Gg, Gs^Fds, Gs^Fds, Gs^Fds, Gg, Gg, Gg, Ww, Ww, Ww, Ww, Ww, Ww, Ww, Gg, Gs^Fds, Gs^Fds, Gs^Fds, Gs^Fds, Gs^Fds, Gs^Fds, Wo, Wo, Wo, Wo
Mm, Mm, Mm, Hh, Hh, Hh, Hh^Fds, Hh^Fds, Hh^Fds, Hh^Fds, Gs^Fds, Gs^Fds, Gg^Ve, Gs^Fds, Gs^Fds, Gs^Fds, Gs^Fds, Gs^Fds, Gs^Fds, Ww, Gg, Gg, Gs^Fds, Gs^Fds, Gs^Fds, Gs^Fds, Gs^Fds, Gs^Fds, Gs^Fds, Gg, Gg, Ww, Ww, Ww, Ww, Ww, Ww, Gg, Gg, Gs^Fds, Gs^Fds, Gs^Fds, Gg, Wo, Wo, Wo, Wo, Wo
Mm, Mm, Mm, Hh, Hh, Hh, Hh^Fds, Hh^Fds, Ce, Hh^Fds, Gg, Gs^Fds, Gs^Fds, Gg^Fet, Gs^Fds, Gs^Fds, Gs^Fds, Gs^Fds, Gs^Fds, Ww, Gg, Gg, Gs^Fds, Gs^Fds, Gs^Fds, Gg^Fet, Gs^Fds, Gs^Fds, Gs^Fds, Gg, Gg, Ww, Ww, Ww, Ww, Ww, Ww, Ww, Gg, Gg, Gg, Gg, Ww, Wo, Wo, Wo, Wo, Wo
Mm, Mm, Mm, Hh, Hh, Hh^Fds, Hh^Fds, Ce, 1 Ke, Ce, Hh, Gs^Fds, Gs^Fds, Gs^Fds, Gs^Fds, Gs^Fds, Gs^Fds, Gs^Fds, Ww, Ww, Gg, Gs^Fds, Gs^Fds, Gs^Fds, Gs^Fds, Gs^Fds, Gs^Fds, Gs^Fds, Gs^Fds, Gg, Gg, Gg, Gg, Wwg^Vm, Gg, Gg, Gg, Ww^Bw/r, Ww, Gg, Ww, Ww, Ww, Wo, Wo, Wo, Wo, Wo
Mm, Mm, Hh, Hh, Hh^Fds, Hh^Fds, Ww, Ce, Ce, Ce, Ww, Ww, Ww, Gs^Fds, Gg, Gs^Fds, Ww, Ww, Gg, Gg, Gg, Gs^Fds, Gs^Fds, Gs^Fds, Gs^Fds, Gs^Fds, Gg^Ve, Gs^Fds, Gs^Fds, Gs^Fds, Gs^Fds, Gg, Gg, Gg, Gg, Gg, Gg, Ww, Ww, Ww, Ww, Ww, Ww, Wo, Wo, Wo, Wo, Wo
Mm, Mm, Mm, Hh, Mm, Ww, Mm, Ww, Ww, Ww, Hh, Hh, Gg, Ww, Ww, Ww^Bw\, Gg, Gg, Gg^Gvs, Gg^Gvs, Gg^Gvs, Gg, Gg, Gs^Fds, Gs^Fds, Gs^Fds, Gs^Fds, Gs^Fds, Gs^Fds, Gs^Fds, Gs^Fds, Gg, Gg, Gg, Gg, Gg, Ww, Ww, Ww, Ww, Ww, Ww, Ww, Wo, Wo, Wo, Wo, Wo
Mm, Mm, Mm, Mm, Mm, Mm, Mm, Mm, Mm, Mm, Mm, Mm, Mm, Mm, Mm, Gg, Gg, Gg, Gg, Gg^Vwm, Gg, Gg^Gvs, Gg, Gs^Fds, Gs^Fds, Gs^Fds, Gs^Fds, Gs^Fds, Gg, Gs^Fds, Gg, Gg, Gg, Gg, Gg, Ww, Ww, Ww, Ww, Ww, Ww, Wwg^Vm, Ww, Ww, Ww, Wo, Wo, Wo
Gg, Mm, Mm, Mm, Mm, Mm, Mm, Mm, Mm, Mm, Mm, Mm, Mm, Mm, Mm, Mm, Gg, Gg, Gg, Gg, Gg, Gg, Gg, Gg, Gg, Gs^Fds, Gg, Gg, Gg, Gg, Gg, Gg, Wwg, Gg, Ww, Ww, Ww, Ww, Ww, Ww, Ww, Ww, Ww, Ww, Ww, Wo, Wo, Wo
