border_size=1
usage=map

Gg, Gg, Gg, Gg, Gg, Gg, Rp, Rp, Rp, Gg, Gg, Gg, Gg, Gg, Gg, Gg, Gg, Gg, Gg, Gg, Gg, Gg
Gg, Gg, Gg^Ve, Gg, Hh, Hh, Rp, Rp, Gg, Gg, Gg, Gg, Gg, Gg, Gg, Gg, Gg, Gg, Gg, Gg, Gg, Gg
Gg, Gg, Hh, Hh, Hh, Hh, Rp, Rp, Gs^Fds, Gs^Fds, Cv, Gg, Gg, Gg, Gg, Gg, Hh, Gg, Hh, Gg^Ve, Gg, Gg
Gg, Gg, Gg, Hh, Rp, Rp, Rp, Rp, Gs^Fds, Cv, 1 Kv, Cv, Cv, Gg, Hh, Hh, Hh, Hh, Hh, Hh, Hh, Gg
Gg, Gg, Gg, Gg, Rp, Rp, Gg^Ve, Gs^Fds, Gs^Fms, Cv, Cv, Cv, Gs^Fds, Gg, Gg, Gg, Gg, Gg, Gg, Gg, Gg, Gg
Gg, Gg, Gg, Gg, Rp, Rp, Rp, Gs^Fms, Gs^Fms, Gs^Fms, Gs^Fds, Gs^Fds, Gs^Fds, Gs^Fds, Gll^Fdf, Gs^Fds, Gs^Fds, Gs^Fds, Gg, Gg, Gg, Gg
Gg, Gg, Gg, Gg, Gg, Rp, Rp, Gs^Fms, Gs^Fms, Gs^Fms, Gs^Fds, Gs^Fds, Gs^Fds, Gs^Fds, Gs^Fds, Gs^Fds, Gs^Fds, Gs^Fds, Gs^Fds, Gg, Gg, Gg
Gg, Gg, Gg, Gg, Gs^Fds, Rp, Rp, Gs^Fms, Gs^Fms, Gs^Fms, Gs^Fds, Gs^Fds, Gs^Fds, Gs^Fds, Gs^Fds, Gs^Fds, Gs^Fds, Gll^Fdf, Gs^Fds, Gg, Gg, Gg
Gg, Gg, Gg, Gs^Fds, Gg^Ve, Rp, Rp, Gs^Fms, Gs^Fms, Gs^Fms, Gs^Fds, Gs^Fds, Gs^Fds, Gs^Fds, Gs^Fds, Gs^Fds, Gs^Fds, Gs^Fds, Gs^Fds, Gs^Fds, Gg, Gg
Gg, Gg, Gg, Gs^Fds, Gs^Fds, Rp, Rp, Gs^Fds, Gll^Fdf, Gs^Fds, Gs^Fds, Gs^Fds, Gg, Gg^Ve, Gs^Fds, Gs^Fds, Gs^Fds, Gg^Ve, Gs^Fds, Gs^Fds, Gg, Gg
Gg, Gg, Gg, Gs^Fds, Gs^Fds, Rp, Rp, Rp, Rp, Gs^Fds, Gg, Gg, Gg, Gg, Gs^Fds, Gs^Fds, Gs^Fds, Gs^Fds, Gs^Fds, Gs^Fds, Gg, Gg
Gg, Gg, Gg, Gs^Fds, Gs^Fds, Gs^Fds, Gs^Fms, Rp, Rp, Hh, Hh, Gg, Gg, Gg, Gs^Fds, Gs^Fds, Gs^Fds, Gs^Fds, Gs^Fds, Gs^Fds, Gg, Gg
Gg, Gg, Gg, Gg, Gg, Gs^Fms, Gs^Fms, Gs^Fms, Rp, Rp, Hh, Hh, Gs^Fds, Gs^Fds, Gs^Fds, Gs^Fds, Gs^Fds, Gs^Fds, Gs^Fds, Gs^Fds, Gg, Gg
Gg, Gg, Gg, Gg, Gs^Fms, Gs^Fms, Gs^Fms, Gs^Fms, Rp, Rp, Gg, Gs^Fds, Gs^Fds, Gs^Fds, Gs^Fds, Gll^Fdf, Gs^Fds, Gs^Fds, Gg, Gg, Gg, Gg
Gg, Gg, Gg, Gg, Gs^Fms, Gs^Fms, Gs^Fms, Gs^Fms, Rp, Rp, Gs^Fds, Gs^Fds, Gs^Fms, Gs^Fds, Gs^Fds, Gs^Fds, Gs^Fds, Gs^Fds, Gg, Gg, Gg, Gg
Gg, Gg, Gg, Gg, Gs^Fms, Gs^Fms, Gg^Ve, Gg, Rp, Rp, Gs^Fms, Gs^Fms, Gs^Fms, Gs^Fms, Gs^Fds, Gs^Fds, Gg, Gg, Gg, Gg, Gg, Gg
Gg, Gg, Gg, Gs^Fms, Gs^Fms, Gs^Fms, Rp, Rp, Rp, Rp, Gs^Fms, Gs^Fms, Gs^Fms, Gs^Fms, Gs^Fds, Gs^Fds, Gg, Gg, Gg, Gg, Gg, Gg
Gg, Gg, Gg, Gs^Fms, Gs^Fms, Gll^Fmf, Rp, Rp, Gs^Fds, Gs^Fms, Gs^Fms, Gs^Fms, Gs^Fms, Gs^Fds, Gs^Fds, Gg, Gg, Gg, Gg, Gg, Gg, Gg
Gg, Gg, Gg, Gs^Fms, Gs^Fms, Gs^Fms, Rp, Rp, Gs^Fds, Gs^Fms, Gs^Fms, Gg^Ve, Gs^Fds, Gs^Fds, Gg, Gg, Gg, Gg, Gs^Fms, Gg^Ve, Gs^Fms, Gg
Gg, Gg, Gg, Gs^Fms, Gs^Fms, Gs^Fms, Rp, Rp, Gs^Fds, Gs^Fms, Gs^Fms, Gs^Fms, Gs^Fds, Gs^Fds, Gg, Gg, Gg, Gs^Fms, Gs^Fms, Gs^Fms, Gs^Fms, Gs^Fms
Gg, Gg, Gg, Gs^Fms, Gs^Fms, Gs^Fms, Rp, Rp, Rp, Gs^Fds, Gs^Fms, Gs^Fms, Gs^Fms, Gs^Fms, Gs^Fms, Gg, Gg, Gs^Fms, Gs^Fms, Gs^Fms, Gs^Fms, Gs^Fms
Gg, Gg, Gg, Gg, Gg, Gg, Gs^Fms, Rp, Rp, Gs^Fms, Gs^Fms, Gs^Fms, Gs^Fms, Gll^Fmf, Gs^Fms, Gg, Gg, Gg, Gg, Gg, Gg, Gg
Gg, Gg, Gg, Hh, Hh, Gs^Fms, Gs^Fms, Rp, Rp, Rp, Gs^Fms, Gs^Fms, Gg, Gs^Fms, Gs^Fms, Gg^Ve, Gg, Gg, Hh, Hh, Gg, Gg
Gg, Gg, Gg, Hh, Gs^Fms, Gs^Fms, Gs^Fms, Gs^Fms, Rp, Rp, Gs^Fds, Gs^Fds, Gs^Fds, Gs^Fms, Gs^Fms, Gs^Fms, Gg, Gg, Hh, Hh, Gg, Gg
Gg, Gg, Gg, Gg, Gg, Gs^Fms, Gg, Gg, Rr, Rr, Rr, Gs^Fds, Gs^Fds, Gs^Fms, Gs^Fms, Gs^Fms, Gg, Gg, Hh, Hh, Gg, Gg
Gg, Gg, Gg, Hh, Gg, Gg, Rr, Rr, Rr, Rr, Rr, Rr, Rr, Rr, Rr, Gg, Gg, Gg, Gg, Gg, Gg, Gg
Gg, Gg, Gg, Gg, Gg, Gg, Rr, Rr, Rr, Rr, Chr, Chr, Chr, Chr, Chr, Rr, Rr, Gg, Gg, Gg, Gg, Gg
Gg, Chr, Chr, Gg, Chr, Rr, Chr, Chr, Chr, 2 Khr, Gs^Fds, Gs^Fds, Gg, Gg, Gg, Chr, Chr, Rr, Rr, Gg, Chr, Gg
Gg, Gg, Gg^Ve, Chr, Gs^Fds, Chr, Gs^Fms, Gs^Fms, Gs^Fms, Gs^Fds, Gs^Fds, Gs^Fds, Gs^Fds, Gg, Gg, Gg, Rr, Chr, Chr, Chr, Gg, Gg
Gg, Gg, Gg, Gs^Fds, Gs^Fds, Gs^Fds, Gs^Fds, Gs^Fms, Gs^Fms, Gs^Fms, Gs^Fds, Gs^Fds, Gs^Fds, Gs^Fds, Gs^Fds, Gg, Rr, Rr, Gg, Gg, Gg, Gg
Gg, Gg, Gg, Gs^Fds, Gs^Fds, Gs^Fds, Gs^Fds, Gs^Fms, Gs^Fms, Gs^Fms, Gs^Fms, Gs^Fds, Gs^Fds, Gs^Fds, Gs^Fds, Gs^Fds, Rp, Rp, Gg, Gg, Gg, Gg
Gg, Gg, Gg, Gg^Ve, Gs^Fds, Gll^Fdf, Gs^Fds, Gs^Fds, Gs^Fds, Gs^Fms, Gs^Fms, Gs^Fms, Gs^Fms, Gs^Fds, Gs^Fds, Gs^Fds, Rp, Rp, Gs^Fds, Gg, Gg, Gg
Gg, Gg, Gg, Gg, Gg, Gs^Fds, Gs^Fds, Gs^Fds, Gs^Fds, Gs^Fms, Gs^Fms, Gll^Fmf, Gs^Fms, Gs^Fms, Rp^Ve, Rp, Rp, Rp, Gs^Fds, Gg, Gg, Gg
Gg, Gg, Gg, Gg, Gg, Gg, Gs^Fds, Gs^Fds, Gg, Gg^Ve, Gg, Gs^Fms, Rp, Rp, Rp, Rp, Gs^Fds, Gs^Fds, Gs^Fds, Gg, Gg, Gg
Gg, Gg, Gg, Hh, Gg, Gg, Gg, Gg, Gg, Gg, Gg, Rp, Rp, Rp, Gs^Fds, Gs^Fds, Gs^Fds, Gs^Fds, Gs^Fds, Hh, Hh, Gg
Gg, Gg, Gg, Hh, Gg, Gg, Gg, Gg, Gg, Gg, Gg, Rp, Rp, Gs^Fds, Gs^Fds, Gs^Fds, Gs^Fds, Gs^Fds, Gs^Fds, Hh, Hh, Hh
Gg, Gg, Gg, Hh, Hh, Gg, Gg, Gg, Gg, Hh, Hh, Rp, Rp, Gg^Ve, Gs^Fds, Gs^Fds, Gs^Fds, Gs^Fds, Gs^Fds, Gg, Gg, Hh
Gg, Gg, Gg, Gg, Gg, Gg, Gg, Gg, Gll^Fdf, Hh, Hh, Rp, Rp, Gg, Gs^Fds, Gs^Fds, Gs^Fds, Gll^Fdf, Gs^Fds, Gg, Gg, Gg
Gg, Gg, Gg, Gg, Gg, Gg, Gs^Fds, Gs^Fds, Gs^Fds, Gs^Fds, Gs^Fds, Rp, Rp, Gg, Gs^Fds, Gs^Fds, Gs^Fds, Gs^Fds, Gs^Fds, Gg, Gg, Gg
Gg, Gg, Gg, Gg, Gs^Fds, Gg^Ve, Gs^Fds, Gs^Fds, Gs^Fds, Gs^Fds, Gs^Fds, Rp, Rp, Rp, Gs^Fds, Gs^Fds, Gs^Fds, Gs^Fds, Gs^Fds, Gs^Fds, Gg, Gg
Gg, Gg, Gs^Fds, Gs^Fds, Gs^Fds, Gs^Fds, Gs^Fds, Gs^Fds, Gs^Fds, Gs^Fds, Gs^Fds, Rp, Rp, Rp, Gs^Fds, Gs^Fds, Gs^Fds, Gs^Fds, Gs^Fds, Gs^Fds, Gs^Fds, Gs^Fds
Gs^Fds, Gs^Fds, Gs^Fds, Gs^Fds, Gs^Fds, Gs^Fds, Gs^Fds, Gs^Fds, Gs^Fms, Gs^Fds, Gs^Fds, Gg^Ve, Rp, Rp, Gs^Fds, Gs^Fds, Gs^Fds, Gs^Fds, Gs^Fds, Gll^Fdf, Gs^Fds, Gs^Fds
Gs^Fds, Gs^Fds, Gll^Fdf, Gs^Fds, Gs^Fds, Gs^Fds, Gs^Fds, Gs^Fms, Gs^Fms, Gs^Fms, Gs^Fds, Gs^Fds, Rp, Rp, Gs^Fds, Gs^Fds, Gs^Fds, Gs^Fds, Gs^Fds, Gs^Fds, Gs^Fds, Gs^Fds
Gs^Fds, Gs^Fds, Gs^Fds, Gs^Fds, Gs^Fds, Gs^Fds, Gs^Fms, Gll^Fmf, Gs^Fms, Gs^Fms, Gs^Fds, Rp, Rp, Rp, Gs^Fds, Gs^Fds, Gs^Fds, Gs^Fds, Gs^Fms, Gs^Fms, Gs^Fms, Gs^Fds
Gs^Fds, Gs^Fds, Gs^Fds, Gs^Fds, Gs^Fms, Gs^Fms, Gs^Fms, Gs^Fms, Gs^Fds, Gs^Fds, Rp, Rp, Rp, Gs^Fds, Gs^Fds, Gs^Fds, Gs^Fds, Gg^Ve, Gs^Fms, Gs^Fms, Gs^Fms, Gs^Fds
Gs^Fds, Gs^Fds, Gs^Fds, Gs^Fms, Gs^Fms, Gs^Fms, Gs^Fms, Gs^Fms, Gs^Fds, Gs^Fds, Rp, Rp, Gs^Fds, Gs^Fds, Gs^Fds, Gs^Fds, Gs^Fds, Gs^Fds, Gs^Fds, Gs^Fms, Gs^Fds, Gs^Fds
Gs^Fds, Gs^Fds, Gg^Ve, Gs^Fms, Gll^Fmf, Gs^Fms, Gs^Fds, Gs^Fds, Gg^Ve, Rp, Rp, Rp, Gs^Fds, Gs^Fds, Gs^Fds, Gll^Fdf, Gs^Fds, Gs^Fds, Gs^Fds, Gs^Fds, Gs^Fds, Gs^Fds
Gg, Gs^Fds, Gs^Fds, Gs^Fds, Gs^Fds, Gs^Fds, Gs^Fds, Gg, Gg, Rp, Rp, Gs^Fms, Gs^Fds, Gs^Fds, Gs^Fds, Gs^Fds, Gs^Fms, Gs^Fms, Gs^Fms, Gs^Fds, Gs^Fds, Gs^Fds
Gg, Gg, Gs^Fds, Gs^Fds, Gs^Fds, Gs^Fds, Gs^Fds, Gg, Hh, Rp, Rp, Gs^Fms, Gg^Ve, Gg, Gs^Fds, Gs^Fds, Gs^Fms, Gs^Fms, Gs^Fms, Gs^Fds, Gs^Fds, Gs^Fds
Gg, Gg, Gs^Fds, Gs^Fds, Gs^Fds, Gs^Fds, Gs^Fds, Hh, Hh, Rp, Rp, Gs^Fds, Gs^Fds, Gs^Fds, Gs^Fms, Gll^Fmf, Gs^Fms, Gs^Fms, Gs^Fms, Gs^Fds, Gs^Fds, Gs^Fds
Gg, Gg, Gs^Fds, Gs^Fds, Gs^Fds, Gs^Fds, Gg, Hh, Rp, Rp, Gs^Fds, Gs^Fds, Gs^Fds, Gs^Fds, Gs^Fms, Gs^Fms, Gs^Fms, Gg^Ve, Gs^Fds, Gs^Fds, Gs^Fds, Gs^Fds
Gg, Gg, Gs^Fds, Gll^Fdf, Gs^Fds, Gs^Fds, Gg, Rp, Rp, Rp, Gs^Fds, Gs^Fds, Gs^Fds, Gs^Fms, Gs^Fms, Gs^Fms, Gs^Fms, Gs^Fds, Gs^Fds, Gs^Fds, Gg, Gg
Gg, Gg, Gs^Fds, Gs^Fds, Gs^Fds, Gs^Fds, Rp, Rp, Rp, Gs^Fds, Gll^Fdf, Gs^Fds, Gs^Fds, Gs^Fms, Gs^Fms, Gs^Fms, Gs^Fds, Gs^Fds, Gs^Fds, Gs^Fds, Gg, Gg
Gg, Gg, Gg, Gs^Fds, Gs^Fds, Gs^Fds, Rp, Rp, Gg^Ve, Gs^Fds, Gs^Fds, Gs^Fds, Gs^Fds, Gs^Fds, Gs^Fds, Gs^Fds, Gs^Fds, Gs^Fds, Gs^Fds, Gs^Fds, Gg, Gg
Gg, Gg, Gg, Gs^Fds, Gs^Fds, Gs^Fms, Rp, Rp, Rp, Gs^Fds, Gs^Fds, Gs^Fds, Gs^Fds, Gs^Fds, Gg, Gs^Fds, Gs^Fds, Gs^Fds, Gs^Fds, Gs^Fds, Gg, Ww^Ewl
Gg, Gg, Gg, Gs^Fds, Gs^Fds, Gs^Fms, Gs^Fms, Rp, Rp, Rp, Rp, Gs^Fds, Hh, Hh, Gg, Gg, Gg, Gs^Fds, Gg^Ve, Gg, Ww^Ewl, Ww^Ewf
Gg, Gg, Gg, Gs^Fds, Gs^Fds, Gs^Fds, Gs^Fms, Gs^Fds, Gs^Fds, Rp, Rp, Rp, Rp, Hh, Rp, Gg, Gg, Gg, Gg, Ww^Ewf, Ww^Ewf, Ww^Ewf
Gg, Gg, Gg, Gs^Fds, Gs^Fms, Gll^Fmf, Gs^Fms, Gs^Fms, Gs^Fds, Gs^Fds, Gs^Fds, Rp, Rp, Rp, Rp, Rp, Ww^Bw\, Ww, Ww, Ww, Wo, Wo
Gg, Gg, Gg, Gs^Fds, Gs^Fms, Gs^Fms, Gs^Fms, Gs^Fms, Gs^Fds, Gs^Fds, Ww^Ewf, Gs^Fds, Gg^Ve, Rp, Gg, Ww, Ww, Ww^Bw\, Wo^Bw\, Wo, Ww, Ww
Gg, Gg, Gg, Gs^Fds, Gs^Fds, Gs^Fms, Gs^Fms, Gs^Fms, Ww^Ewf, Ww^Ewf, Ww^Ewf, Ww^Ewf, Gg, Gg, Ww, Ww, Wo, Wo, Ww, Ww^Bw\, Rp^Xo, Gg^Xo
Gg, Gg, Gg, Gg, Gg, Gs^Fds, Ww^Ewf, Ww^Ewl, Ww^Ewf, Ww^Ewl, Ww^Ewf, Ww^Ewf, Ww, Ww, Wo, Wo, Ww, Ww, Gg^Xo, Rp^Xo, Rp^Xo, Rp^Xo
Gg, Gg, Gg, Gg, Gg, Gg, Ww^Ewl, Ww^Ewf, Ww^Ewf, Ww^Ewl, Ww^Ewf, Ww^Ewf, Wo, Wo, Ww, Ww, Gg^Xo, Gg^Xo, Gg^Xo, Gg^Xo, Gg^Xo, Rp^Xo
