Xue, Xue, Uh, Uh, Uh, Uh, Uh, Xue, Xue, Xue, Xue, Xue, Xue, Xue, Xue, Xue, Xue, Xue, Xue, Xue, Xue, Xue, Xue, Xue, Xue, Xue, Xue, Xue, Xue, Xue, Xue, Xue, Xue, Xue, Xue, Xue, Xue, Xue, Xue, Xue, Xue, Xue, Xue, Xue, Xue, Xue, Xue, Xue, Xue, Xue, Xue, Xue
Xue, Xue, Xue, Uh, Xue, Uh, Uh, Uh, Uh, Xue, Xue, Xue, Xue, Xue, Xue, Xue, Xue, Xue, Xue, Xue, Xue, Xue, Xue, Xue, Xue, Xue, Xue, Xue, Xue, Xue, Xue, Xue, Xue, Xue, Xue, Xue, Xue, Xue, Xue, Xue, Wwg, Xue, Wwg, Xue, Xue, Xue, Xue, Xue, Xue, Xue, Xue, Xue
Xue, Xue, Xue, Xue, Xue, Xue, Xue, Uh, Uh, Uh, Uue, Xue, Uue, Uue, Uue, Xue, Uue, Uue, Uue, Xue, Xue, Xue, Uue, Xue, Uue, Xue, Xue, Xue, Xue, Xue, Uue, Xue, Xue, Xue, Xue, Xue, Xue, Xue, Xue, whirlpool_exit Wwg, Xue, Wwg, Xue, Wwg, Wwg, Wwg, Wwg, Wog, Wog, Xue, Xue, Xue
Xue, Xue, Xue, Xue, Xue, Xue, Xue, Uue, Uue, Uue, Uue, Uue, Uue, Uue, Uue, Uue, Uue^Uf, Uue, Uue^Uf, Uue, Uue, Uue, Uue, Uue, Uue, Uue, Uue, Uue, Uue, Uue, Uue^Uf, Uue^Uf, Uue, Uue, Uue^Vu, Xue, Xue, Xue, Xue, Xue, Xue, Xue, Xue, Wwg, Wwg, Wwg, Wwg, Wog, Wog, Wog, Xue, Xue
Xue, Xue, Xue, Xue, Uue^Vu, Xue, Uue, Uue, Uue^Uf, Uue^Uf, Uue^Uf, Uue, Uue^Vu, Uue, Uue, Uue^Uf, Uue^Uf, Uue^Uf, Rb^Uf, Uue^Uf, Uue^Uf, Uue, Uue, Uue^Vu, Rb, Uue, Rb^Uf, Uue^Uf, Rb^Uf, Uue^Uf, Uue^Uf, Uue^Uf, Uue, Uue, Uue, Xue, Xue, Xue, Xue, Xue, Xue, Xue, Xue, Wwg, Wwg, Wwg, Wog, Wog, Wog, Wog, Xue, Xue
Xue, Xue, Xue, Xue, Uue, Uue, Uue^Uf, Uue^Uf, Rb^Uf, Uue^Uf, Uue^Uf, Uue, Uue, Uue, Uue, Uue, Rb, Rb^Uf, Rb^Uf, Rb^Uf, Rb^Uf, Uue^Uf, Uue, Uue, Rb, Rb, Sm, Rb^Uf, Sm^Uf, Rb, Rb, Uue, Uue, Uue, Xue, Xue, Xue, Xue, Xue, Xue, Xue, Xue, Xue, Xue, Xue, Wog, Wog, Wog, secret_trident Wog, Xue, Xue, Xue
Xue, Xue, Xue, Xue, Uue, Uue, Uue, Rb^Uf, Rb^Uf, Rb^Uf, Rb, Rb, Rb, Uue, Uue, Uue, Rb, Rb, Rb, Rb, Rb, Uue, Uue, Uue, Uue, Sm, Wwg, Sm, Wwg, Sm, Uue, Uue, Xue, Xue, Xue, Xue, Xue, Xue, Xue, Xue, Xue, Xue, Xue, Xue, Xue, Xue, Xue, Xue, Xue, Xue, Xue, Xue
Xue, Xue, Xue, Xue, Uue, Uue, Uue, Rb, Rb, Rb, Rb, Rb, Ur, Uue, Co, Co, Xue, Rb, Xue, Rb^Vu, Xue, Xue, Wwg, Wwg, Wwg, Wwg, Uue, Wwg, Uue, Wwg, Wwg, Uue, Xue, Xue, Xue, Xue, Xue, Xue, Wog, Xue, Xue, Xue, whirlpool_entry Wog, Xue, Xue, Xue, Xue, Xue, Xue, Xue, Xue, Xue
Xue, Xue, Xue, Uue, Uue, Uue, Uue, Uue, Uue, Rb, Ur, Ur, Ur, Co, Xue, Xue, Xue, Xue, Xue, Xue, Xue, Wwg, Xue, Uue, Uue, Uue, Uue^Uf, Uue, Xue, Xue, Wwg, Uue, Uue, Uue, Wwg, Wog, Wog, Wog, Wog, Wog, Wog, Wog, Wog, Xue, Xue, Xue, Wwf, Xue, Xue, Xue, Xue, Xue
Xue, Xue, Xue, Uue, Uue, Uue^Vu, Sm, Sm, Sm, Uue, Ur, Ur, 3 Ko, Co, Xue, Xue, Xue, Xue, Xue, Xue, Wwg, Wwg, Xue, Xue, Uue, Uue, Uue^Uf, Xue, Xue, Xue, Xue, Wwg, Wwg, Uue, Wwg, Wog, Wog, Wog, Wog, Wog, Wog, Wog, Wwg, Xue, Wwg, Wwf, Wwf, Wwf, Sm, Xue, Xue, Xue
Xue, Xue, Xue, Uue, Uue, Uue, Uue^Uf, Sm^Uf, Rb^Uf, Sm, Ur, Ur, Co, Xue, Xue, Xue, Xue, Xue, Wwg, Wwg, Xue, Xue, Xue, Xue, Uue, Uue, Uue^Uf, Xue, Xue, Xue, Uue, Uue, Uue, Wwg, Wwg, Wwg, Wwg, Wwg, Wwg, Wog, Wog, Wog, Xue, Wwg, Xue, Wwf, Wwf, Wwf, Sm, Xue, Xue, Xue
Xue, Xue, Xue, Uue, Uue, Uue^Uf, Uue^Uf, Rb^Uf, Rb^Uf, Rb, Ur, Ur, Co, Xue, Xue, Xue, Xue, Wwg, Wwg, Wwg, Xue, Xue, Xue, Xue, Rb, Uue^Uf, Uue^Uf, Xue, Xue, Xue, Uue^Vud, Uue, Wwg, Wwg, Wwg, Wwg, Uue^Uf, Uue, Wwg, Wwg, Wog, Wog, Xue, Xue, Xue, Xue, Xue, Sm, Rb, Rb, Xue, Xue
Xue, Xue, Xue, Uue, Uue, Uue, Uue^Uf, Rb^Uf, Rb^Uf, Rb, Rb, Ur, Ur, Co, Xue, Xue, Wwg, Wwg, Xue, Xue, Xue, Xue, Xue, Xue, Rb, Rb^Uf, Uue^Uf, Xue, Xue, Xue, Xue, Uue, Wwg, Wwg, Wwg, Wwg, Uue^Uf, Uue^Uf, Uue^Uf, Wwg, Wwg, Wog, Xue, Xue, Xue, Xue, Xue, Xue, Rb, potion_cache Rb, Xue, Xue
Xue, Xue, Qxe, Uue, Qxe, Uue, Uue, Rb^Uf, Sm, Sm, Rb^Uf, Ur, Ur, Ur, Ur, Xue, Wwg, Wwg, Xue, Xue, Xue, Xue, Xue, Xue, Rb, Rb^Uf, Rb^Uf, Rb, Xue, Xue, Xue, Xue, Wwg, Wwg, Wwg, Uue, Uue^Uf, Uue^Vud, Uue, Uue, Wwg, Wog, Xue, Xue, Xue, Xue, Xue, Xue, Xue, Xue, Xue, Xue
Xue, Qxe, Qxe, Qxe, Ur, Qxu^Bcx/, Qxe, Uue, Uue, Rb, Rb^Uf, Rb^Uf, Rb, Ur, Wwg^Bw\r, Wwg, Ur, Xue, Xue, Xue, Xue, Xue, Uue^Vu, Rb, Uue^Uf, Rb^Uf, Rb, Rb, Xue, Xue, Xue, Xue, Uue, Wwg, Wog, Wwg, Wwg, Wwg, Wwg, Wwg^Bw|r, Wwg, Wwg, Uue, Xue, Xue, Xue, Xue, Xue, Xue, Xue, Xue, Xue
Xue, Xue, Xue, Uue, Ur, Qxe, Qxe, Uue, Uue, Uue^Uf, Uue^Uf, Uue^Uf, Uue, Wwg, Wwg, Ur, Ur, Ur, Ur, Uue, Uue, Uue, Uue, Uue, Uue^Uf, Uue^Uf, Uue, Uue, Qxe, Xue, Xue, Xue, Uue, Wwg, Wog, Wog, Wog, Wwg, Wog, Wwg^Bw|r, Wwg^Bw\r, Uue, Uue, Xue, Uh, Uh, Uh, Uh, Uh, Uh, Uh, Uh
Xue, Xue, Xue, Uue, Ur, Rb^Vo, Qxe, Qxe, Qxe, Qxe, Qxe, Uue, Wwg, Wwg, Wwg, Wwg, Rb, Ur, Ur, Ur, Ur, Uue, Uue, Uue^Uf, Uue, Uue, Uue, Qxe, Qxe, Uue^Vu, Xue, Xue, Uue, Wwg, Wwg, Wog, Wog, Wog, Wog, Wwg, Uue, Uue, Uue^Vud, Uh, Uh, Uh, Uh, Uh, Uh, Uh, Uh, Uh
Xue, Xue, Xue, Uue, Ur, Rb, Rb, Qxe, Uue, Qxe, Qxe, Qxe, Qxe, Wwg, Wwg, Wwg, Rb, Rb^Uf, Rb, Ur, Ur, Ur, Ur, Uue, Uue, Uue, Qxe, Qxe, Uue, Xue, Xue, Xue, Uue^Vud, Uue, Uue, Wog, Wog, Wog, Wog, Wwg, Uue, Uue, Uue, Uh, Xue, Xue, Xue, Xue, Xue, Xue, Xue, Xue
Xue, Xue, Uue, Ur, Uue, Uue, Uue, Uue, Uue^Uf, Uue, Uue, Uue, Uue, Qxe, Qxe, Qxe, Qxe, Rb^Uf, Rb^Uf, Uue, Uue, Ur, Ur, Ur, Qxu^Bcx\, Qxe, Qxe, Qxe, Uue, Qxe, Xue, Xue, Xue, Uue, Uue, Wog, Wog, Wog, Wwg, Wwg, Uue, Uue^Uf, Uue^Uf, Xue, holy_necklace Rb, Xue, Xue, Xue, Xue, Xue, Xue, Xue
Xue, Xue, Rb, Ur, Ur, Uue, Uue, Uue^Uf, Uue^Uf, Uue^Uf, Uue^Uf, Uue^Uf, Uue^Uf, Uue, Uue, Qxe, Qxe, Qxe, Qxe, Uue, Ur, Ur, Uue, Qxe, Qxe, Ur, Ur, Uue, Qxe, Qxe, Xue, Xue, Xue, Xue, Xue, Xue, Xue, Wwg, Rb, Wwg, Uue, Uue^Uf, Uue^Uf, Xue, Sm, Xue, Xue, Xue, Xue, Xue, Xue, Xue
Xue, Xue, Rb^Vo, Rb, Ur, Uue, Uue, Uue^Uf, Rb^Uf, Uue^Uf, Rb^Vo, Uue^Uf, Uue^Uf, Uue, Uue^Uf, Uue, Uue, Qxe, Ur, Qxu^Bcx/, Qxe, Qxe, Qxe, Qxe, Uue, Uue, Qxe, Ur, Qxu^Bcx\, Qxe, Uue, Xue, Xue, Xue, Xue, Xue, Uue^Uf, Rb^Uf, Uue^Uf, Wwf, Rb, Sm^Uf, Sm, Uue, Xue, Xue, Xue, Xue, Xue, Xue, Xue, Xue
Xue, Xue, Xue, Rb, Uue, Ur, Ur, Rb, Rb^Uf, Rb^Uf, Rb^Uf, Uue^Uf, Uue^Uf, Uue^Uf, Uue, Uue, Ur, Ur, Rb, Uue, Uue^Uf, Qxe, Qxe, Qxe, Uue^Vu, Qxe, Qxe, Qxe, Qxe, Ur, Ur, Uue, Uue, Xue, Xue, Xue, Uue^Uf, Rb^Uf, Uue, Wwf, Wwg, Uue, Uue, Xue, Xue, Xue, Xue, Xue, Xue, Xue, Xue, Xue
Xue, Xue, Xue, Uue, Rb, Uue, Ur, Rb, Rb, Rb^Uf, Rb^Uf, Uue^Uf, Uue^Uf, Uue, Uue, Ur, Ur, Ur, Rb^Uf, Uue^Uf, Uue^Uf, Uue^Uf, Uue, Qxe, Qxe, Qxe, Qxe, Uue, Ur, Ur, Ur, Ur, Uue, Uue, Rb^Uf, Rb^Uf, Rb^Uf, Xue, Xue, Wwg, Wwg, Uue, Uue^Vud, Xue, Xue, Xue, Xue, Xue, Xue, Xue, Xue, Xue
Xue, Xue, Xue, Uue, Rb, Rb, Rb, Ur, Ur, Uue^Uf, Rb, Rb^Uf, Rb, Uue, Ur, Ur, Ur, Rb^Vo, Ur, Rb, Ur, Uue^Uf, Ur, Uue, Uue, Qxe, Qxu^Bcx/, Ur, Uue, Ur, Ur, Ur, Ur, Uue^Uf, Uue^Uf, Uue^Uf, Xue, Xue, Xue, Xue, Wwg, Xue, Xue, Xue, Xue, Xue, Xue, Xue, Xue, Xue, Xue, Xue
Xue, Xue, Xue, Rb, Rb^Uf, Rb^Uf, Rb^Uf, Uue^Uf, Uue, Ur, Ur, Rb, Rb, Uue, Ur, Ur, Ur, Ur, Ur, Ur, Ur, Ur, Ur, Ur, Ur, Ur, Qxe, Qxe, Uue^Uf, Uue^Uf, Uue^Uf, Ur, Ur, Ur, Uue^Uf, Xue, Xue, Xue, Xue, Xue, Xue, Wwg, Xue, Xue, Xue, Xue, Xue, Xue, Xue, Xue, Xue, Xue
Xue, Xue, Xue, Rb, Rb^Uf, Rb^Uf, Uue^Uf, Uue^Uf, Uue^Uf, Uue, Uue, Ur, Ur, Ur, Ur, Ur, Rb, Rb, Uue, Ur, Uue, Ur, Uue, Ur, Rb, Rb, Qxe, Qxe, Qxe, Uue^Uf, Rb^Uf, Rb^Uf, Rb, Ur, Ur, hidden_ghost Xue, Xue, Xue, Xue, Xue, Xue, Wwg, Wwg, Xue, Xue, Xue, Xue, Xue, Xue, Xue, Xue, Xue
Xue, Xue, Xue, Uue, Rb^Uf, Rb^Uf, Uue^Uf, Uue^Uf, Uue^Uf, Uue, Uue, Co, Co, Ur, Co, Uue, Xue, Rb^Vo, Xue, Uue, Xue, Uue, Xue, Xue, Xue, Rb^Vo, Xue, Qxe, Qxe, Qxe, Rb, Rb, Uue, Uue, Uue, Ur, Ur, Xue, Xue, Xue, Xue, Xue, Wwg, Uue, Uue^Vud, Xue, Xue, Xue, Xue, Xue, Xue, Xue
Xue, Xue, Uh, Uue, Uue, Uue^Uf, Rb^Uf, Uue^Uf, Rb, Uue^Uf, Uue, Co, 2 Ko, Co, Xue, Xue, Xue, Xue, Xue, Xue, Xue, Xue, Xue, Xue, Xue, Xue, Xue, Xue, Xue, Xue, Xue, Rb^Vo, Xue, Uue, Uue^Uf, Ur, Ur, Uue^Vud, Uue^Uf, Xue, Xue, Xue, Uue, Wwg^Bw/, Xue, Xue, Xue, Xue, Xue, Xue, Xue, Xue
Uh, Uh, Xue, Uh, Xue, Rb^Vo, Rb, Rb, Rb, Rb, Co, Co, Xue, Xue, Xue, Xue, Xue, Xue, Xue, Xue, Xue, Xue, Xue, Xue, Xue, Xue, Xue, Xue, Xue, Xue, Xue, Xue, Xue, Xue, Uue^Uf, Ur, Ur, Uue^Uf, Uue^Uf, Uue^Uf, Uue, Uue, Uue, Wwg, Uue^Ii, Xue, Xue, Xue, Xue, Xue, Xue, Xue
Xue, Xue, Uh, Uh, Xue, Xue, Xue, Rb, Uue, Uue, Xue, Xue, Xue, Xue, Xue, Xue, Uue, Xue, Uue^Uf, Uue^Uf, Uue^Uf, Uue, Uue, Uue^Vud, Ur, Xue, Uue, Xue, Xue, Xue, Xue, Xue, Xue, Xue, Uue^Uf, Ur, Ur, Ur, Uue^Uf, Uue^Uf, Uue, Uue, Wwf^Ii, Wwg^Ii, Uue^Ufi, Xue, Xue, Xue, Xue, Xue, Xue, Xue
Uh, Uh, Xue, Xue, Xue, Xue, Xue, Xue, Xue, Uue, secret_passage Xue, Xue, uncle_cabin Uue^Vud, Xue, Uue, Uue, Uue, Uue^Uf, Uue^Uf, Uue^Uf, Uue, Uue, Ur, Ur, Uue^Uf, Ur, Ur, Uue, Uue, Uue, Uue, Xue, Xue, Xue, Uue, Uue^Uf, Ur, Ur, Ur, Ce, Ce^Ii, Ce^Ii, water_start Wwf^Ii, Uue^Ii, Uue^Ufi, Uue^Ii, Xue, Xue, Xue, Xue, Xue, Xue
Xue, Xue, Xue, Xue, Xue, Xue, Xue, Xue, Xue, Xue, Xue, Uue, Uue, Ur, Ur, Ur, Ur, Uue^Uf, Ur, Uue, Ur, Ur, Uue^Uf, Uue^Uf, Uue^Uf, Uue^Uf, Uue, Ur, Ur, Uue, Ur, Uue, Ur, Uue, Ur, Ur, Uue, Ur, Ce^Ii, Ce^Ii, 1 Ke^Ii, Ce^Ii, Ce^Ii, Uue^Ii, Uue^Ufi, Uue^Ii, Xue, Xue, Xue, Xue, Xue, Xue
Xue, Xue, Xue, Xue, Xue, Xue, Xue, Xue, Xue, Xue, Xue, Uue, Xue, Uue, Xue, Uue, Xue, Ur, Xue, Ur, Uue^Vud, Uue, Xue, Uue, Xue, Uue^Uf, Xue, Uue, Xue, Ur, Uue^Vud, Ur, Uue, Ur, Uue, Uue, Wwf^Ii, Wwf^Ii, Uue^Ii, Ce^Ii, Ce^Ii, Ce^Ii, Uue^Ii, Uue^Ufi, Uue^Ufi, Uue^Ii, Uue^Ii, Xue, Xue, Xue, Xue, Xue
Xue, Xue, Xue, Xue, Xue, Xue, Xue, Xue, Xue, Xue, Xue, Xue, Xue, Xue, Xue, Xue, Xue, Xue, Xue, Xue, Xue, Xue, Xue, Xue, Xue, Xue, Xue, Xue, Xue, Xue, Xue, Xue, Xue, Uue, Wwf^Ii, Wwf^Ii, Uue^Ii, Uue^Ii, Uue^Ii, Ce^Ii, Uue^Ii, Ce^Ii, Uue^Ii, Uue^Ii, Uue^Ii, Uue^Ii, Uue^Ii, Xue, Xue, Xue, Xue, Xue
Xue, Xue, Xue, Xue, Xue, Xue, Xue, Xue, Xue, Xue, Xue, Xue, Xue, Xue, Xue, Xue, Xue, Xue, Xue, Xue, Xue, Xue, Xue, Xue, Xue, Xue, Xue, Xue, Xue, Xue, Xue, Xue, Xue, Xue, Wwf^Ii, Uue^Ii, Uue^Ii, Uue^Ii, Uue^Ii, Uue^Ii, Uue^Ii, Uue^Ii, Uue^Ii, Uue^Ii, Uue^Ii, Uue^Ii, Uue^Ii, Uue^Ii, Uue^Ii, Xue, Xue, Xue
